// Jest Snapshot v1, https://goo.gl/fbAQLP

exports[`hot-reload assignment: assignment 1`] = `
"
let LazyCC;
LazyCC = 5;

let DoubleLazyCC = LazyCC;

      ↓ ↓ ↓ ↓ ↓ ↓

let LazyCC;
LazyCC = window.__assign(module, \\"LazyCC\\", 5);

let DoubleLazyCC = window.__assign(module, \\"DoubleLazyCC\\", LazyCC);
"
`;

exports[`hot-reload default export class: default export class 1`] = `
"
import React from 'react';
import Hello from './Hello';

export default class App extends React.Component {
  render() {
    return <Hello />;
  }
}

module.hot.accept(['./Hello'], window.__invalidate);

      ↓ ↓ ↓ ↓ ↓ ↓

import React from 'react';
import Hello from './Hello';
export default class App extends React.Component {
  render() {
    return <Hello />;
  }

}
module.hot.accept(['./Hello'], window.__invalidate);
"
`;

exports[`hot-reload default export: default export 1`] = `
"
import React from 'react';
import Hello from './Hello';
import Layout from './Layout';
import './App.css';

export default function App({ children }) {
  return (
    <Layout>
      <Hello />
    </Layout>
  );
}

module.hot.accept(['./Layout', './Hello'], window.__invalidate);

      ↓ ↓ ↓ ↓ ↓ ↓

import React from 'react';
import Hello from './Hello';
import Layout from './Layout';
import './App.css';

var App = window.__assign(module, \\"App\\", function App({
  children
}) {
  return <Layout>
      <Hello />
    </Layout>;
});

export default App;
module.hot.accept(['./Layout', './Hello'], window.__invalidate);
"
`;

exports[`hot-reload lazy component: lazy component 1`] = `
"
import { lazy } from 'react';
const LazyCC = lazy(() => import('./CounterClass'));

      ↓ ↓ ↓ ↓ ↓ ↓

import { lazy } from 'react';

const LazyCC = window.__assign(module, \\"LazyCC\\", lazy(() => import('./CounterClass')));
"
`;
